{"name": "victor", "age": 20}